EN digilentspartan3e1600spi NULL //vboxsvr/workarea/SysEmp/ProyectoFinal/ProyectoFinalSDE/Proyecto/pcores/digilentspartan3e1600spi_v2_00_a/hdl/vhdl/digilentspartan3e1600spi.vhd sub00/vhpl02 1671352324
AR digilentspartan3e1600spi imp //vboxsvr/workarea/SysEmp/ProyectoFinal/ProyectoFinalSDE/Proyecto/pcores/digilentspartan3e1600spi_v2_00_a/hdl/vhdl/digilentspartan3e1600spi.vhd sub00/vhpl03 1671352325
AR user_logic imp //vboxsvr/workarea/SysEmp/ProyectoFinal/ProyectoFinalSDE/Proyecto/pcores/digilentspartan3e1600spi_v2_00_a/hdl/vhdl/user_logic.vhd sub00/vhpl01 1671352323
EN user_logic NULL //vboxsvr/workarea/SysEmp/ProyectoFinal/ProyectoFinalSDE/Proyecto/pcores/digilentspartan3e1600spi_v2_00_a/hdl/vhdl/user_logic.vhd sub00/vhpl00 1671352322
