V3 21
FL C:/Xilinx/12.4/ISE_DS/EDK/hw/XilinxProcessorIPLib/pcores/plbv46_slave_single_v1_01_a/hdl/vhdl/plbv46_slave_single.vhd 2008/11/18.15:10:44 M.81d
EN plbv46_slave_single_v1_01_a/plbv46_slave_single 1671116077 \
      FL C:/Xilinx/12.4/ISE_DS/EDK/hw/XilinxProcessorIPLib/pcores/plbv46_slave_single_v1_01_a/hdl/vhdl/plbv46_slave_single.vhd \
      PB ieee/std_logic_1164 1290154108 PB ieee/STD_LOGIC_UNSIGNED 1290154110 \
      PB ieee/NUMERIC_STD 1290154109 PB ieee/std_logic_misc 1290154109 \
      LB proc_common_v3_00_a PB proc_common_v3_00_a/proc_common_pkg 1671116058 \
      PB proc_common_v3_00_a/family_support 1671116062 \
      PB proc_common_v3_00_a/ipif_pkg 1671116070 \
      EN proc_common_v3_00_a/or_gate128 1671116067 LB unisim PH unisim/VCOMPONENTS 1290154108 \
      LB plbv46_slave_single_v1_01_a
AR plbv46_slave_single_v1_01_a/plbv46_slave_single/implementation 1671116078 \
      FL C:/Xilinx/12.4/ISE_DS/EDK/hw/XilinxProcessorIPLib/pcores/plbv46_slave_single_v1_01_a/hdl/vhdl/plbv46_slave_single.vhd \
      EN plbv46_slave_single_v1_01_a/plbv46_slave_single 1671116077 \
      CP std_logic_vector CP plbv46_slave_single_v1_01_a/plb_slave_attachment
FL C:/Xilinx/12.4/ISE_DS/EDK/hw/XilinxProcessorIPLib/pcores/plbv46_slave_single_v1_01_a/hdl/vhdl/plb_address_decoder.vhd 2008/05/13.15:38:17 M.81d
EN plbv46_slave_single_v1_01_a/plb_address_decoder 1671116071 \
      FL C:/Xilinx/12.4/ISE_DS/EDK/hw/XilinxProcessorIPLib/pcores/plbv46_slave_single_v1_01_a/hdl/vhdl/plb_address_decoder.vhd \
      PB ieee/std_logic_1164 1290154108 PB ieee/NUMERIC_STD 1290154109 \
      LB proc_common_v3_00_a PB proc_common_v3_00_a/proc_common_pkg 1671116058 \
      EN proc_common_v3_00_a/pselect_f 1671116065 \
      EN proc_common_v3_00_a/or_gate128 1671116067 \
      PB proc_common_v3_00_a/ipif_pkg 1671116070 \
      PB proc_common_v3_00_a/family_support 1671116062 LB unisim \
      PH unisim/VCOMPONENTS 1290154108
AR plbv46_slave_single_v1_01_a/plb_address_decoder/IMP 1671116072 \
      FL C:/Xilinx/12.4/ISE_DS/EDK/hw/XilinxProcessorIPLib/pcores/plbv46_slave_single_v1_01_a/hdl/vhdl/plb_address_decoder.vhd \
      EN plbv46_slave_single_v1_01_a/plb_address_decoder 1671116071 CP integer \
      CP std_logic_vector CP proc_common_v3_00_a/pselect_f \
      CP proc_common_v3_00_a/or_gate128
FL C:/Xilinx/12.4/ISE_DS/EDK/hw/XilinxProcessorIPLib/pcores/plbv46_slave_single_v1_01_a/hdl/vhdl/plb_slave_attachment.vhd 2008/05/13.16:29:18 M.81d
EN plbv46_slave_single_v1_01_a/plb_slave_attachment 1671116075 \
      FL C:/Xilinx/12.4/ISE_DS/EDK/hw/XilinxProcessorIPLib/pcores/plbv46_slave_single_v1_01_a/hdl/vhdl/plb_slave_attachment.vhd \
      PB ieee/std_logic_1164 1290154108 PB ieee/NUMERIC_STD 1290154109 \
      PB ieee/STD_LOGIC_UNSIGNED 1290154110 PB ieee/std_logic_misc 1290154109 \
      LB proc_common_v3_00_a PB proc_common_v3_00_a/proc_common_pkg 1671116058 \
      PB proc_common_v3_00_a/ipif_pkg 1671116070 \
      PB proc_common_v3_00_a/family_support 1671116062 \
      EN proc_common_v3_00_a/counter_f 1671116063 LB unisim PH unisim/VCOMPONENTS 1290154108 \
      LB plbv46_slave_single_v1_01_a
AR plbv46_slave_single_v1_01_a/plb_slave_attachment/implementation 1671116076 \
      FL C:/Xilinx/12.4/ISE_DS/EDK/hw/XilinxProcessorIPLib/pcores/plbv46_slave_single_v1_01_a/hdl/vhdl/plb_slave_attachment.vhd \
      EN plbv46_slave_single_v1_01_a/plb_slave_attachment 1671116075 CP std_logic \
      CP std_logic_vector CP plbv46_slave_single_v1_01_a/plb_address_decoder \
      CP PLB_ADDR_CNTRL_STATES CP integer CP proc_common_v3_00_a/counter_f
