V3 3
FL //vboxsvr/workarea/SysEmp/ProyectoFinal/ProyectoFinalSDE/Proyecto/pcores/digilentspartan3espi_v1_00_a/hdl/vhdl/InterfaceLct1407.vhd 2022/12/11.05:57:40 M.81d
EN work/InterfaceLct1407 1670756275 \
      FL //vboxsvr/workarea/SysEmp/ProyectoFinal/ProyectoFinalSDE/Proyecto/pcores/digilentspartan3espi_v1_00_a/hdl/vhdl/InterfaceLct1407.vhd \
      PB ieee/std_logic_1164 1290154108 PB ieee/NUMERIC_STD 1290154109
AR work/InterfaceLct1407/arch 1670756276 \
      FL //vboxsvr/workarea/SysEmp/ProyectoFinal/ProyectoFinalSDE/Proyecto/pcores/digilentspartan3espi_v1_00_a/hdl/vhdl/InterfaceLct1407.vhd \
      EN work/InterfaceLct1407 1670756275
