AR user_logic imp //vboxsvr/workarea/SysEmp/ProyectoFinal/ProyectoFinalSDE/Proyecto/pcores/digilentspartan3espi_v1_01_a/hdl/vhdl/user_logic.vhd sub00/vhpl01 1671116080
EN user_logic NULL //vboxsvr/workarea/SysEmp/ProyectoFinal/ProyectoFinalSDE/Proyecto/pcores/digilentspartan3espi_v1_01_a/hdl/vhdl/user_logic.vhd sub00/vhpl00 1671116079
AR digilentspartan3espi imp //vboxsvr/workarea/SysEmp/ProyectoFinal/ProyectoFinalSDE/Proyecto/pcores/digilentspartan3espi_v1_01_a/hdl/vhdl/digilentspartan3espi.vhd sub00/vhpl03 1671116082
EN digilentspartan3espi NULL //vboxsvr/workarea/SysEmp/ProyectoFinal/ProyectoFinalSDE/Proyecto/pcores/digilentspartan3espi_v1_01_a/hdl/vhdl/digilentspartan3espi.vhd sub00/vhpl02 1671116081
