AR user_logic imp //vboxsvr/workarea/SysEmp/ProyectoFinal/ProyectoFinalSDE/Proyecto/pcores/digilentspartan3espi_v1_01_a/hdl/vhdl/user_logic.vhd sub00/vhpl01 1670761159
EN user_logic NULL //vboxsvr/workarea/SysEmp/ProyectoFinal/ProyectoFinalSDE/Proyecto/pcores/digilentspartan3espi_v1_01_a/hdl/vhdl/user_logic.vhd sub00/vhpl00 1670761158
