V3 5
FL //vboxsvr/workarea/SysEmp/ProyectoFinal/ProyectoFinalSDE/Proyecto/pcores/digilentspartan3espi_v1_01_a/hdl/vhdl/user_logic.vhd 2022/12/11.07:19:10 M.81d
EN digilentspartan3espi_v1_01_a/user_logic 1670761158 \
      FL //vboxsvr/workarea/SysEmp/ProyectoFinal/ProyectoFinalSDE/Proyecto/pcores/digilentspartan3espi_v1_01_a/hdl/vhdl/user_logic.vhd \
      PB ieee/std_logic_1164 1290154108 PB ieee/std_logic_arith 1290154109 \
      PB ieee/STD_LOGIC_UNSIGNED 1290154110 LB proc_common_v3_00_a \
      PB proc_common_v3_00_a/proc_common_pkg 1670761155
AR digilentspartan3espi_v1_01_a/user_logic/IMP 1670761159 \
      FL //vboxsvr/workarea/SysEmp/ProyectoFinal/ProyectoFinalSDE/Proyecto/pcores/digilentspartan3espi_v1_01_a/hdl/vhdl/user_logic.vhd \
      EN digilentspartan3espi_v1_01_a/user_logic 1670761158 CP InterfaceLct1407
