EN lcd NULL //vboxsvr/workarea/SysEmp/test_MB_LCDCtr/TestLCD_2/pcores/lcd2x16interface_v3_00_a/hdl/vhdl/lcd.vhd sub00/vhpl10 1668117052
EN lcd_init_fsm NULL //vboxsvr/workarea/SysEmp/test_MB_LCDCtr/TestLCD_2/pcores/lcd2x16interface_v3_00_a/hdl/vhdl/lcd_init_fsm.vhd sub00/vhpl02 1668117036
AR lcd_init_fsm behavioral //vboxsvr/workarea/SysEmp/test_MB_LCDCtr/TestLCD_2/pcores/lcd2x16interface_v3_00_a/hdl/vhdl/lcd_init_fsm.vhd sub00/vhpl03 1668117037
EN lcd_tx_fsm NULL //vboxsvr/workarea/SysEmp/test_MB_LCDCtr/TestLCD_2/pcores/lcd2x16interface_v3_00_a/hdl/vhdl/lcd_tx_fsm.vhd sub00/vhpl00 1668117034
EN cldinterface NULL //vboxsvr/workarea/SysEmp/test_MB_LCDCtr/TestLCD_2/pcores/lcd2x16interface_v3_00_a/hdl/vhdl/lcdInterface.vhd sub00/vhpl12 1668117056
AR cldinterface arch //vboxsvr/workarea/SysEmp/test_MB_LCDCtr/TestLCD_2/pcores/lcd2x16interface_v3_00_a/hdl/vhdl/lcdInterface.vhd sub00/vhpl13 1668117057
AR lcd behavioral //vboxsvr/workarea/SysEmp/test_MB_LCDCtr/TestLCD_2/pcores/lcd2x16interface_v3_00_a/hdl/vhdl/lcd.vhd sub00/vhpl11 1668117053
AR lcdram lcdram_a //vboxsvr/workarea/SysEmp/test_MB_LCDCtr/TestLCD_2/pcores/lcd2x16interface_v3_00_a/devl/projnav/ipcore_dir/LcdRam.vhd sub00/vhpl07 1668117041
AR lcd_host_if behavioral //vboxsvr/workarea/SysEmp/test_MB_LCDCtr/TestLCD_2/pcores/lcd2x16interface_v3_00_a/hdl/vhdl/lcd_host_if.vhd sub00/vhpl05 1668117039
AR lcdctrfsm arch //vboxsvr/workarea/SysEmp/test_MB_LCDCtr/TestLCD_2/pcores/lcd2x16interface_v3_00_a/hdl/vhdl/LcdCtrfsm.vhd sub00/vhpl09 1668117051
EN lcdctrfsm NULL //vboxsvr/workarea/SysEmp/test_MB_LCDCtr/TestLCD_2/pcores/lcd2x16interface_v3_00_a/hdl/vhdl/LcdCtrfsm.vhd sub00/vhpl08 1668117050
AR lcd_tx_fsm behavioral //vboxsvr/workarea/SysEmp/test_MB_LCDCtr/TestLCD_2/pcores/lcd2x16interface_v3_00_a/hdl/vhdl/lcd_tx_fsm.vhd sub00/vhpl01 1668117035
EN lcd_host_if NULL //vboxsvr/workarea/SysEmp/test_MB_LCDCtr/TestLCD_2/pcores/lcd2x16interface_v3_00_a/hdl/vhdl/lcd_host_if.vhd sub00/vhpl04 1668117038
EN lcdram NULL //vboxsvr/workarea/SysEmp/test_MB_LCDCtr/TestLCD_2/pcores/lcd2x16interface_v3_00_a/devl/projnav/ipcore_dir/LcdRam.vhd sub00/vhpl06 1668117040
