EN interfacelct1407 NULL //vboxsvr/workarea/SysEmp/ProyectoFinal/ProyectoFinalSDE/Proyecto/pcores/digilentspartan3espi_v1_01_a/hdl/vhdl/InterfaceLct1407.vhd sub00/vhpl00 1671299788
AR interfacelct1407 arch //vboxsvr/workarea/SysEmp/ProyectoFinal/ProyectoFinalSDE/Proyecto/pcores/digilentspartan3espi_v1_01_a/hdl/vhdl/InterfaceLct1407.vhd sub00/vhpl01 1671299789
