Release 12.4 - xst M.81d (nt)
Copyright (c) 1995-2010 Xilinx, Inc.  All rights reserved.
--> Parameter TMPDIR set to xst/projnav.tmp


Total REAL time to Xst completion: 0.00 secs
Total CPU time to Xst completion: 0.05 secs
 
--> Parameter xsthdpdir set to xst


Total REAL time to Xst completion: 0.00 secs
Total CPU time to Xst completion: 0.05 secs
 
--> Reading design: InterfaceLct1407.prj

TABLE OF CONTENTS
  1) Synthesis Options Summary
  2) HDL Compilation
  3) Design Hierarchy Analysis
  4) HDL Analysis
  5) HDL Synthesis
     5.1) HDL Synthesis Report
  6) Advanced HDL Synthesis
     6.1) Advanced HDL Synthesis Report
  7) Low Level Synthesis
  8) Partition Report
  9) Final Report
	9.1) Device utilization summary
	9.2) Partition Resource Summary
	9.3) TIMING REPORT


=========================================================================
*                      Synthesis Options Summary                        *
=========================================================================
---- Source Parameters
Input File Name                    : "InterfaceLct1407.prj"
Input Format                       : mixed
Ignore Synthesis Constraint File   : NO

---- Target Parameters
Output File Name                   : "InterfaceLct1407"
Output Format                      : NGC
Target Device                      : xc3s1600e-4-fg320

---- Source Options
Top Module Name                    : InterfaceLct1407
Automatic FSM Extraction           : YES
FSM Encoding Algorithm             : Auto
Safe Implementation                : No
FSM Style                          : LUT
RAM Extraction                     : Yes
RAM Style                          : Auto
ROM Extraction                     : Yes
Mux Style                          : Auto
Decoder Extraction                 : YES
Priority Encoder Extraction        : Yes
Shift Register Extraction          : YES
Logical Shifter Extraction         : YES
XOR Collapsing                     : YES
ROM Style                          : Auto
Mux Extraction                     : Yes
Resource Sharing                   : YES
Asynchronous To Synchronous        : NO
Multiplier Style                   : Auto
Automatic Register Balancing       : No

---- Target Options
Add IO Buffers                     : YES
Global Maximum Fanout              : 500
Add Generic Clock Buffer(BUFG)     : 24
Register Duplication               : YES
Slice Packing                      : YES
Optimize Instantiated Primitives   : NO
Use Clock Enable                   : Yes
Use Synchronous Set                : Yes
Use Synchronous Reset              : Yes
Pack IO Registers into IOBs        : Auto
Equivalent register Removal        : YES

---- General Options
Optimization Goal                  : Speed
Optimization Effort                : 1
Keep Hierarchy                     : No
Netlist Hierarchy                  : As_Optimized
RTL Output                         : Yes
Global Optimization                : AllClockNets
Read Cores                         : YES
Write Timing Constraints           : NO
Cross Clock Analysis               : NO
Hierarchy Separator                : /
Bus Delimiter                      : <>
Case Specifier                     : Maintain
Slice Utilization Ratio            : 100
BRAM Utilization Ratio             : 100
Verilog 2001                       : YES
Auto BRAM Packing                  : NO
Slice Utilization Ratio Delta      : 5

=========================================================================


=========================================================================
*                          HDL Compilation                              *
=========================================================================
Compiling vhdl file "//vboxsvr/workarea/SysEmp/ProyectoFinal/ProyectoFinalSDE/Proyecto/pcores/digilentspartan3espi_v1_00_a/hdl/vhdl/InterfaceLct1407.vhd" in Library work.
Entity <InterfaceLct1407> compiled.
Entity <InterfaceLct1407> (Architecture <arch>) compiled.

=========================================================================
*                     Design Hierarchy Analysis                         *
=========================================================================
Analyzing hierarchy for entity <InterfaceLct1407> in library <work> (architecture <arch>).


=========================================================================
*                            HDL Analysis                               *
=========================================================================
Analyzing Entity <InterfaceLct1407> in library <work> (Architecture <arch>).
Entity <InterfaceLct1407> analyzed. Unit <InterfaceLct1407> generated.


=========================================================================
*                           HDL Synthesis                               *
=========================================================================

Performing bidirectional port resolution...

Synthesizing Unit <InterfaceLct1407>.
    Related source file is "//vboxsvr/workarea/SysEmp/ProyectoFinal/ProyectoFinalSDE/Proyecto/pcores/digilentspartan3espi_v1_00_a/hdl/vhdl/InterfaceLct1407.vhd".
    Found finite state machine <FSM_0> for signal <CurrentState>.
    -----------------------------------------------------------------------
    | States             | 3                                              |
    | Transitions        | 6                                              |
    | Inputs             | 3                                              |
    | Outputs            | 3                                              |
    | Clock              | Clk                       (rising_edge)        |
    | Reset              | Rst                       (positive)           |
    | Reset type         | synchronous                                    |
    | Reset State        | ststandby                                      |
    | Power Up State     | ststandby                                      |
    | Encoding           | automatic                                      |
    | Implementation     | LUT                                            |
    -----------------------------------------------------------------------
    Found 14-bit register for signal <DataCh0>.
    Found 14-bit register for signal <DataCh1>.
    Found 1-bit register for signal <ClkDiv>.
    Found 6-bit up counter for signal <Count>.
    Summary:
	inferred   1 Finite State Machine(s).
	inferred   1 Counter(s).
	inferred  29 D-type flip-flop(s).
Unit <InterfaceLct1407> synthesized.


=========================================================================
HDL Synthesis Report

Macro Statistics
# Counters                                             : 1
 6-bit up counter                                      : 1
# Registers                                            : 29
 1-bit register                                        : 29

=========================================================================

=========================================================================
*                       Advanced HDL Synthesis                          *
=========================================================================

Analyzing FSM <FSM_0> for best encoding.
Optimizing FSM <CurrentState/FSM> on signal <CurrentState[1:2]> with user encoding.
------------------------
 State      | Encoding
------------------------
 ststandby  | 00
 stconv     | 01
 streaddata | 10
------------------------

=========================================================================
Advanced HDL Synthesis Report

Macro Statistics
# FSMs                                                 : 1
# Counters                                             : 1
 6-bit up counter                                      : 1
# Registers                                            : 29
 Flip-Flops                                            : 29

=========================================================================

=========================================================================
*                         Low Level Synthesis                           *
=========================================================================

Optimizing unit <InterfaceLct1407> ...

Mapping all equations...
Building and optimizing final netlist ...
Found area constraint ratio of 100 (+ 5) on block InterfaceLct1407, actual ratio is 0.
FlipFlop Count_0 has been replicated 1 time(s)
FlipFlop Count_1 has been replicated 1 time(s)
FlipFlop Count_2 has been replicated 1 time(s)
FlipFlop Count_4 has been replicated 1 time(s)

Final Macro Processing ...

=========================================================================
Final Register Report

Macro Statistics
# Registers                                            : 41
 Flip-Flops                                            : 41

=========================================================================

=========================================================================
*                           Partition Report                            *
=========================================================================

Partition Implementation Status
-------------------------------

  No Partitions were found in this design.

-------------------------------

=========================================================================
*                            Final Report                               *
=========================================================================
Final Results
RTL Top Level Output File Name     : InterfaceLct1407.ngr
Top Level Output File Name         : InterfaceLct1407
Output Format                      : NGC
Optimization Goal                  : Speed
Keep Hierarchy                     : No

Design Statistics
# IOs                              : 35

Cell Usage :
# BELS                             : 59
#      INV                         : 2
#      LUT2                        : 3
#      LUT2_D                      : 4
#      LUT3                        : 5
#      LUT3_D                      : 5
#      LUT3_L                      : 4
#      LUT4                        : 32
#      LUT4_D                      : 1
#      LUT4_L                      : 3
# FlipFlops/Latches                : 41
#      FDR                         : 2
#      FDRE                        : 38
#      FDRS                        : 1
# Clock Buffers                    : 1
#      BUFGP                       : 1
# IO Buffers                       : 34
#      IBUF                        : 3
#      OBUF                        : 31
=========================================================================

Device utilization summary:
---------------------------

Selected Device : 3s1600efg320-4 

 Number of Slices:                       43  out of  14752     0%  
 Number of Slice Flip Flops:             41  out of  29504     0%  
 Number of 4 input LUTs:                 59  out of  29504     0%  
 Number of IOs:                          35
 Number of bonded IOBs:                  35  out of    250    14%  
 Number of GCLKs:                         1  out of     24     4%  

---------------------------
Partition Resource Summary:
---------------------------

  No Partitions were found in this design.

---------------------------


=========================================================================
TIMING REPORT

NOTE: THESE TIMING NUMBERS ARE ONLY A SYNTHESIS ESTIMATE.
      FOR ACCURATE TIMING INFORMATION PLEASE REFER TO THE TRACE REPORT
      GENERATED AFTER PLACE-and-ROUTE.

Clock Information:
------------------
-----------------------------------+------------------------+-------+
Clock Signal                       | Clock buffer(FF name)  | Load  |
-----------------------------------+------------------------+-------+
Clk                                | BUFGP                  | 41    |
-----------------------------------+------------------------+-------+

Asynchronous Control Signals Information:
----------------------------------------
No asynchronous control signals found in this design

Timing Summary:
---------------
Speed Grade: -4

   Minimum period: 4.949ns (Maximum Frequency: 202.061MHz)
   Minimum input arrival time before clock: 5.063ns
   Maximum output required time after clock: 5.823ns
   Maximum combinational path delay: No path found

Timing Detail:
--------------
All values displayed in nanoseconds (ns)

=========================================================================
Timing constraint: Default period analysis for Clock 'Clk'
  Clock period: 4.949ns (frequency: 202.061MHz)
  Total number of paths / destination ports: 311 / 63
-------------------------------------------------------------------------
Delay:               4.949ns (Levels of Logic = 2)
  Source:            Count_3 (FF)
  Destination:       DataCh1_8 (FF)
  Source Clock:      Clk rising
  Destination Clock: Clk rising

  Data Path: Count_3 to DataCh1_8
                                Gate     Net
    Cell:in->out      fanout   Delay   Delay  Logical Name (Net Name)
    ----------------------------------------  ------------
     FDRE:C->Q            16   0.591   1.038  Count_3 (Count_3)
     LUT4_D:I3->O         11   0.704   0.937  DataCh0_1_not000111 (N2)
     LUT4:I3->O            1   0.704   0.420  DataCh1_3_not00011 (DataCh1_3_not0001)
     FDRE:CE                   0.555          DataCh1_3
    ----------------------------------------
    Total                      4.949ns (2.554ns logic, 2.395ns route)
                                       (51.6% logic, 48.4% route)

=========================================================================
Timing constraint: Default OFFSET IN BEFORE for Clock 'Clk'
  Total number of paths / destination ports: 70 / 70
-------------------------------------------------------------------------
Offset:              5.063ns (Levels of Logic = 2)
  Source:            Rst (PAD)
  Destination:       ClkDiv (FF)
  Destination Clock: Clk rising

  Data Path: Rst to ClkDiv
                                Gate     Net
    Cell:in->out      fanout   Delay   Delay  Logical Name (Net Name)
    ----------------------------------------  ------------
     IBUF:I->O            31   1.218   1.297  Rst_IBUF (Rst_IBUF)
     LUT3:I2->O           11   0.704   0.933  ClkDiv_or00001 (ClkDiv_or0000)
     FDR:R                     0.911          ClkDiv
    ----------------------------------------
    Total                      5.063ns (2.833ns logic, 2.230ns route)
                                       (56.0% logic, 44.0% route)

=========================================================================
Timing constraint: Default OFFSET OUT AFTER for Clock 'Clk'
  Total number of paths / destination ports: 32 / 31
-------------------------------------------------------------------------
Offset:              5.823ns (Levels of Logic = 2)
  Source:            CurrentState_FSM_FFd1 (FF)
  Destination:       ack (PAD)
  Source Clock:      Clk rising

  Data Path: CurrentState_FSM_FFd1 to ack
                                Gate     Net
    Cell:in->out      fanout   Delay   Delay  Logical Name (Net Name)
    ----------------------------------------  ------------
     FDRS:C->Q             8   0.591   0.836  CurrentState_FSM_FFd1 (CurrentState_FSM_FFd1)
     LUT2:I1->O            1   0.704   0.420  CurrentState_FSM_Out11 (ack_OBUF)
     OBUF:I->O                 3.272          ack_OBUF (ack)
    ----------------------------------------
    Total                      5.823ns (4.567ns logic, 1.256ns route)
                                       (78.4% logic, 21.6% route)

=========================================================================


Total REAL time to Xst completion: 1.00 secs
Total CPU time to Xst completion: 1.71 secs
 
--> 

Total memory usage is 136908 kilobytes

Number of errors   :    0 (   0 filtered)
Number of warnings :    0 (   0 filtered)
Number of infos    :    0 (   0 filtered)

